Archive member included to satisfy reference by file (symbol)

C:/Program Files/SEGGER/SEGGER Embedded Studio for ARM 4.10a/lib/libc_v7em_fpv4_sp_d16_hard_t_le_eabi.a(libc2.o)
                              output/release/obj/main.o (printf)
C:/Program Files/SEGGER/SEGGER Embedded Studio for ARM 4.10a/lib/libc_v7em_fpv4_sp_d16_hard_t_le_eabi.a(libc2_asm.o)
                              C:/Program Files/SEGGER/SEGGER Embedded Studio for ARM 4.10a/lib/libc_v7em_fpv4_sp_d16_hard_t_le_eabi.a(libc2.o) (memcpy)
C:/Program Files/SEGGER/SEGGER Embedded Studio for ARM 4.10a/lib/libc_v7em_fpv4_sp_d16_hard_t_le_eabi.a(libc.o)
                              C:/Program Files/SEGGER/SEGGER Embedded Studio for ARM 4.10a/lib/libc_v7em_fpv4_sp_d16_hard_t_le_eabi.a(libc2.o) (__heap_lock)
C:/Program Files/SEGGER/SEGGER Embedded Studio for ARM 4.10a/lib/libc_v7em_fpv4_sp_d16_hard_t_le_eabi.a(libc_asm.o)
                              C:/Program Files/SEGGER/SEGGER Embedded Studio for ARM 4.10a/lib/libc_v7em_fpv4_sp_d16_hard_t_le_eabi.a(libc2.o) (__aeabi_uldivmod)
C:/Program Files/SEGGER/SEGGER Embedded Studio for ARM 4.10a/lib/libdebugio_v7em_fpv4_sp_d16_hard_t_le_eabi.a(libdebugio.o)
                              output/release/obj/thumb_crt0.o (debug_fopen)
C:/Program Files/SEGGER/SEGGER Embedded Studio for ARM 4.10a/lib/libdebugio_mempoll_v7em_fpv4_sp_d16_hard_t_le_eabi.a(mempoll_debug_operations.o)
                              C:/Program Files/SEGGER/SEGGER Embedded Studio for ARM 4.10a/lib/libdebugio_v7em_fpv4_sp_d16_hard_t_le_eabi.a(libdebugio.o) (__do_debug_operation)
C:/Program Files/SEGGER/SEGGER Embedded Studio for ARM 4.10a/lib/libdebugio_mempoll_v7em_fpv4_sp_d16_hard_t_le_eabi.a(do_nv_debug_operation.o)
                              C:/Program Files/SEGGER/SEGGER Embedded Studio for ARM 4.10a/lib/libdebugio_v7em_fpv4_sp_d16_hard_t_le_eabi.a(libdebugio.o) (__do_nvdebug_operation)
C:/Program Files/SEGGER/SEGGER Embedded Studio for ARM 4.10a/lib/libm_v7em_fpv4_sp_d16_hard_t_le_eabi.a(libm_asm.o)
                              C:/Program Files/SEGGER/SEGGER Embedded Studio for ARM 4.10a/lib/libc_v7em_fpv4_sp_d16_hard_t_le_eabi.a(libc2.o) (__aeabi_i2d)
C:/Program Files/SEGGER/SEGGER Embedded Studio for ARM 4.10a/lib/libm_v7em_fpv4_sp_d16_hard_t_le_eabi.a(libm2.o)
                              C:/Program Files/SEGGER/SEGGER Embedded Studio for ARM 4.10a/lib/libvfprintf_v7em_fpv4_sp_d16_hard_t_le_eabi.o (frexp)
C:/Program Files/SEGGER/SEGGER Embedded Studio for ARM 4.10a/lib/libm_v7em_fpv4_sp_d16_hard_t_le_eabi.a(libm2_asm.o)
                              C:/Program Files/SEGGER/SEGGER Embedded Studio for ARM 4.10a/lib/libm_v7em_fpv4_sp_d16_hard_t_le_eabi.a(libm2.o) (fabs)

Discarded input sections

 .text          0x0000000000000000        0x0 output/release/obj/thumb_crt0.o
 .data          0x0000000000000000        0x0 output/release/obj/thumb_crt0.o
 .bss           0x0000000000000000        0x0 output/release/obj/thumb_crt0.o
 .text.__aeabi_read_tp
                0x0000000000000000        0x8 output/release/obj/thumb_crt0.o
 .text.abort    0x0000000000000000        0x2 output/release/obj/thumb_crt0.o
 .text.__assert
                0x0000000000000000        0x2 output/release/obj/thumb_crt0.o
 .text.__aeabi_assert
                0x0000000000000000        0x2 output/release/obj/thumb_crt0.o
 .text.__sync_synchronize
                0x0000000000000000        0x2 output/release/obj/thumb_crt0.o
 .text.__getchar
                0x0000000000000000        0x4 output/release/obj/thumb_crt0.o
 .text.__open   0x0000000000000000        0x4 output/release/obj/thumb_crt0.o
 .text.__close  0x0000000000000000        0x4 output/release/obj/thumb_crt0.o
 .text.__write  0x0000000000000000        0xa output/release/obj/thumb_crt0.o
 .text.__read   0x0000000000000000        0xa output/release/obj/thumb_crt0.o
 .text.__seek   0x0000000000000000       0x1a output/release/obj/thumb_crt0.o
 .bss.__user_locale_name_buffer
                0x0000000000000000        0x4 output/release/obj/thumb_crt0.o
 .stack         0x0000000000000000        0x0 output/release/obj/thumb_crt0.o
 .stack_process
                0x0000000000000000        0x0 output/release/obj/thumb_crt0.o
 .heap          0x0000000000000000        0x0 output/release/obj/thumb_crt0.o
 .text          0x0000000000000000        0x0 output/release/obj/system_apollo3.o
 .data          0x0000000000000000        0x0 output/release/obj/system_apollo3.o
 .bss           0x0000000000000000        0x0 output/release/obj/system_apollo3.o
 .text          0x0000000000000000        0x0 output/release/obj/main.o
 .data          0x0000000000000000        0x0 output/release/obj/main.o
 .bss           0x0000000000000000        0x0 output/release/obj/main.o
 .text.delay    0x0000000000000000       0x2c output/release/obj/main.o
 .text.I2CWrite8
                0x0000000000000000       0x5e output/release/obj/main.o
 .text.I2CWriteReg8Val8
[...]
Memory Configuration

Name             Origin             Length             Attributes
UNPLACED_SECTIONS 0x0000000100000000 0x0000000000000000 xw
FLASH            0x000000000000c000 0x00000000000f4000 xr
SRAM             0x0000000010000000 0x000000000005fff0 xw
*default*        0x0000000000000000 0xffffffffffffffff

Linker script and memory map

                0x000000000000cb30                __vfprintf = __vfprintf_int_nwp
                0x0000000000000000                __vfscanf = __vfscanf_int
                0x000000000000c000                __FLASH_segment_start__ = 0xc000
                0x0000000000100000                __FLASH_segment_end__ = 0x100000
                0x00000000000f4000                __FLASH_segment_size__ = 0xf4000
                0x0000000010000000                __SRAM_segment_start__ = 0x10000000
                0x000000001005fff0                __SRAM_segment_end__ = 0x1005fff0
                0x000000000005fff0                __SRAM_segment_size__ = 0x5fff0
                0x0000000000000400                __HEAPSIZE__ = 0x400
                0x0000000000000400                __STACKSIZE_PROCESS__ = 0x400
                0x0000000000000400                __STACKSIZE__ = 0x400
                0x0000000010000000                __vectors_ram_load_start__ = ALIGN (__SRAM_segment_start__, 0x100)

.vectors_ram    0x0000000010000000        0x0
                0x0000000010000000                __vectors_ram_start__ = .
 *(.vectors_ram .vectors_ram.*)
                0x0000000010000000                __vectors_ram_end__ = (__vectors_ram_start__ + SIZEOF (.vectors_ram))
                0x0000000000000000                __vectors_ram_size__ = SIZEOF (.vectors_ram)
                0x0000000010000000                __vectors_ram_load_end__ = __vectors_ram_end__
                0x0000000000000001                . = ASSERT (((__vectors_ram_start__ == __vectors_ram_end__) || ((__vectors_ram_end__ >= __SRAM_segment_start__) && (__vectors_ram_end__ <= __SRAM_segment_end__))), error: .vectors_ram is too large to fit in SRAM memory segment)
                0x000000000000c000                __vectors_load_start__ = ALIGN (__FLASH_segment_start__, 0x100)

.vectors        0x000000000000c000       0xc0
                0x000000000000c000                __vectors_start__ = .
 *(.vectors .vectors.*)
 .vectors       0x000000000000c000       0xc0 output/release/obj/startup_apollo3.o
                0x000000000000c000                _vectors
                0x000000000000c0c0                __vectors_end__ = (__vectors_start__ + SIZEOF (.vectors))
                0x00000000000000c0                __vectors_size__ = SIZEOF (.vectors)
                0x000000000000c0c0                __vectors_load_end__ = __vectors_end__
                0x0000000000000001                . = ASSERT (((__vectors_start__ == __vectors_end__) || ((__vectors_end__ >= __FLASH_segment_start__) && (__vectors_end__ <= __FLASH_segment_end__))), error: .vectors is too large to fit in FLASH memory segment)
                0x000000000000c0c0                __init_load_start__ = ALIGN (__vectors_end__, 0x4)

.init           0x000000000000c0c0      0x1ec
                0x000000000000c0c0                __init_start__ = .
 *(.init .init.*)
 .init          0x000000000000c0c0      0x158 output/release/obj/thumb_crt0.o
                0x000000000000c0c0                _start
                0x000000000000c172                exit
 .init          0x000000000000c218       0x94 output/release/obj/startup_apollo3.o
                0x000000000000c218                NMI_Handler
                0x000000000000c21a                HardFault_Handler
                0x000000000000c21c                MemManage_Handler
                0x000000000000c21e                BusFault_Handler
                0x000000000000c220                UsageFault_Handler
                0x000000000000c222                SVC_Handler
                0x000000000000c224                DebugMon_Handler
                0x000000000000c226                PendSV_Handler
                0x000000000000c22a                BROWNOUT_IRQHandler
                0x000000000000c22c                WDT_IRQHandler
                0x000000000000c22e                RTC_IRQHandler
                0x000000000000c230                VCOMP_IRQHandler
                0x000000000000c232                IOSLAVE_IRQHandler
                0x000000000000c234                IOSLAVEACC_IRQHandler
                0x000000000000c236                IOMSTR0_IRQHandler
                0x000000000000c238                IOMSTR1_IRQHandler
                0x000000000000c23a                IOMSTR2_IRQHandler
                0x000000000000c23c                IOMSTR3_IRQHandler
                0x000000000000c23e                IOMSTR4_IRQHandler
                0x000000000000c240                IOMSTR5_IRQHandler
                0x000000000000c242                BLE_IRQHandler
                0x000000000000c244                GPIO_IRQHandler
                0x000000000000c246                CTIMER_IRQHandler
                0x000000000000c248                UART0_IRQHandler
                0x000000000000c24a                UART1_IRQHandler
                0x000000000000c24c                SCARD_IRQHandler
                0x000000000000c24e                ADC_IRQHandler
                0x000000000000c250                PDM_IRQHandler
                0x000000000000c252                MSPI_IRQHandler
                0x000000000000c254                STIMER_IRQHandler
                0x000000000000c256                STIMER_CMPR0_IRQHandler
                0x000000000000c258                STIMER_CMPR1_IRQHandler
                0x000000000000c25a                STIMER_CMPR2_IRQHandler
                0x000000000000c25c                STIMER_CMPR3_IRQHandler
                0x000000000000c25e                STIMER_CMPR4_IRQHandler
                0x000000000000c260                STIMER_CMPR5_IRQHandler
                0x000000000000c262                STIMER_CMPR6_IRQHandler
                0x000000000000c264                STIMER_CMPR7_IRQHandler
                0x000000000000c266                CLKGEN_IRQHandler
                0x000000000000c268                reset_handler
                0x000000000000c2ac                __init_end__ = (__init_start__ + SIZEOF (.init))
                0x00000000000001ec                __init_size__ = SIZEOF (.init)
                0x000000000000c2ac                __init_load_end__ = __init_end__
                0x0000000000000001                . = ASSERT (((__init_start__ == __init_end__) || ((__init_end__ >= __FLASH_segment_start__) && (__init_end__ <= __FLASH_segment_end__))), error: .init is too large to fit in FLASH memory segment)
                0x000000000000c2ac                __init_rodata_load_start__ = ALIGN (__init_end__, 0x4)

.init_rodata    0x000000000000c2ac        0x0
                0x000000000000c2ac                __init_rodata_start__ = .
 *(.init_rodata .init_rodata.*)
                0x000000000000c2ac                __init_rodata_end__ = (__init_rodata_start__ + SIZEOF (.init_rodata))
                0x0000000000000000                __init_rodata_size__ = SIZEOF (.init_rodata)
                0x000000000000c2ac                __init_rodata_load_end__ = __init_rodata_end__
                0x0000000000000001                . = ASSERT (((__init_rodata_start__ == __init_rodata_end__) || ((__init_rodata_end__ >= __FLASH_segment_start__) && (__init_rodata_end__ <= __FLASH_segment_end__))), error: .init_rodata is too large to fit in FLASH memory segment)
                0x000000000000c2ac                __text_load_start__ = ALIGN (__init_rodata_end__, 0x4)

.text           0x000000000000c2ac      0xdc0
                0x000000000000c2ac                __text_start__ = .
 *(.text .text.* .glue_7t .glue_7 .gnu.linkonce.t.* .gcc_except_table .ARM.extab* .gnu.linkonce.armextab.*)
 .glue_7        0x000000000000c2ac        0x0 linker stubs
 .glue_7t       0x000000000000c2ac        0x0 linker stubs
 .text.__putchar
                0x000000000000c2ac        0x4 output/release/obj/thumb_crt0.o
                0x000000000000c2ac                __putchar
 .text.SystemCoreClockUpdate
                0x000000000000c2b0       0x28 output/release/obj/system_apollo3.o
                0x000000000000c2b0                SystemCoreClockUpdate
 .text.SystemInit
                0x000000000000c2d8       0x30 output/release/obj/system_apollo3.o
                0x000000000000c2d8                SystemInit
 .text.NVIC_SetPriority
                0x000000000000c308       0x50 output/release/obj/main.o
 .text.SysTick_Config
                0x000000000000c358       0x40 output/release/obj/main.o
 .text.SysTick_Handler
                0x000000000000c398       0x14 output/release/obj/main.o
                0x000000000000c398                SysTick_Handler
 .text.I2CTransfer
                0x000000000000c3ac      0x200 output/release/obj/main.o
                0x000000000000c3ac                I2CTransfer
 .text.I2CReadReg8Val8
                0x000000000000c5ac       0x64 output/release/obj/main.o
                0x000000000000c5ac                I2CReadReg8Val8
 .text.I2CConfig
                0x000000000000c610      0x388 output/release/obj/main.o
                0x000000000000c610                I2CConfig
 .text.GpioConfig
                0x000000000000c998       0x7c output/release/obj/main.o
                0x000000000000c998                GpioConfig
 .text.main     0x000000000000ca14       0x88 output/release/obj/main.o
                0x000000000000ca14                main
 .text.libc.__putc
                0x000000000000ca9c       0x34 C:/Program Files/SEGGER/SEGGER Embedded Studio for ARM 4.10a/lib/libc_v7em_fpv4_sp_d16_hard_t_le_eabi.a(libc2.o)
                0x000000000000ca9c                __putc
 .text.libc.printf
                0x000000000000cad0       0x40 C:/Program Files/SEGGER/SEGGER Embedded Studio for ARM 4.10a/lib/libc_v7em_fpv4_sp_d16_hard_t_le_eabi.a(libc2.o)
                0x000000000000cad0                printf
 .text.libc.__printf_lock
                0x000000000000cb10        0x2 C:/Program Files/SEGGER/SEGGER Embedded Studio for ARM 4.10a/lib/libc_v7em_fpv4_sp_d16_hard_t_le_eabi.a(libc.o)
                0x000000000000cb10                __printf_lock
 .text.libc.__printf_unlock
                0x000000000000cb12        0x2 C:/Program Files/SEGGER/SEGGER Embedded Studio for ARM 4.10a/lib/libc_v7em_fpv4_sp_d16_hard_t_le_eabi.a(libc.o)
                0x000000000000cb12                __printf_unlock
 .text.libdebugio.debug_putchar
                0x000000000000cb14       0x18 C:/Program Files/SEGGER/SEGGER Embedded Studio for ARM 4.10a/lib/libdebugio_v7em_fpv4_sp_d16_hard_t_le_eabi.a(libdebugio.o)
                0x000000000000cb14                debug_putchar
 .text.libdebugio.__debug_io_lock
                0x000000000000cb2c        0x2 C:/Program Files/SEGGER/SEGGER Embedded Studio for ARM 4.10a/lib/libdebugio_v7em_fpv4_sp_d16_hard_t_le_eabi.a(libdebugio.o)
                0x000000000000cb2c                __debug_io_lock
 .text.libdebugio.__debug_io_unlock
                0x000000000000cb2e        0x2 C:/Program Files/SEGGER/SEGGER Embedded Studio for ARM 4.10a/lib/libdebugio_v7em_fpv4_sp_d16_hard_t_le_eabi.a(libdebugio.o)
                0x000000000000cb2e                __debug_io_unlock
 .text.libc.__vfprintf_int_nwp
                0x000000000000cb30      0x50c C:/Program Files/SEGGER/SEGGER Embedded Studio for ARM 4.10a/lib/libvfprintf_v7em_fpv4_sp_d16_hard_t_le_eabi.o
                0x000000000000cb30                __vfprintf_int_nwp
 .text.libdebugio.__do_debug_operation
                0x000000000000d03c       0x30 C:/Program Files/SEGGER/SEGGER Embedded Studio for ARM 4.10a/lib/libdebugio_mempoll_v7em_fpv4_sp_d16_hard_t_le_eabi.a(mempoll_debug_operations.o)
                0x000000000000d03c                __do_debug_operation
                0x000000000000d06c                __text_end__ = (__text_start__ + SIZEOF (.text))
                0x0000000000000dc0                __text_size__ = SIZEOF (.text)
                0x000000000000d06c                __text_load_end__ = __text_end__

.vfp11_veneer   0x0000000100000000        0x0
 .vfp11_veneer  0x0000000100000000        0x0 linker stubs

.v4_bx          0x0000000100000000        0x0
 .v4_bx         0x0000000100000000        0x0 linker stubs

.iplt           0x0000000100000000        0x0
 .iplt          0x0000000100000000        0x0 output/release/obj/thumb_crt0.o
                0x0000000000000001                . = ASSERT (((__text_start__ == __text_end__) || ((__text_end__ >= __FLASH_segment_start__) && (__text_end__ <= __FLASH_segment_end__))), error: .text is too large to fit in FLASH memory segment)
                0x000000000000d06c                __dtors_load_start__ = ALIGN (__text_end__, 0x4)

.dtors          0x000000000000d06c        0x0
                0x000000000000d06c                __dtors_start__ = .
 *(SORT_BY_NAME(.dtors.*))
 *(.dtors)
 *(.fini_array)
 *(SORT_BY_NAME(.fini_array.*))
                0x000000000000d06c                __dtors_end__ = (__dtors_start__ + SIZEOF (.dtors))
                0x0000000000000000                __dtors_size__ = SIZEOF (.dtors)
                0x000000000000d06c                __dtors_load_end__ = __dtors_end__
                0x0000000000000001                . = ASSERT (((__dtors_start__ == __dtors_end__) || ((__dtors_end__ >= __FLASH_segment_start__) && (__dtors_end__ <= __FLASH_segment_end__))), error: .dtors is too large to fit in FLASH memory segment)
                0x000000000000d06c                __ctors_load_start__ = ALIGN (__dtors_end__, 0x4)

.ctors          0x000000000000d06c        0x0
                0x000000000000d06c                __ctors_start__ = .
 *(SORT_BY_NAME(.ctors.*))
 *(.ctors)
 *(.init_array)
 *(SORT_BY_NAME(.init_array.*))
                0x000000000000d06c                __ctors_end__ = (__ctors_start__ + SIZEOF (.ctors))
                0x0000000000000000                __ctors_size__ = SIZEOF (.ctors)
                0x000000000000d06c                __ctors_load_end__ = __ctors_end__
                0x0000000000000001                . = ASSERT (((__ctors_start__ == __ctors_end__) || ((__ctors_end__ >= __FLASH_segment_start__) && (__ctors_end__ <= __FLASH_segment_end__))), error: .ctors is too large to fit in FLASH memory segment)
                0x000000000000d06c                __rodata_load_start__ = ALIGN (__ctors_end__, 0x4)

.rodata         0x000000000000d06c       0x40
                0x000000000000d06c                __rodata_start__ = .
 *(.rodata .rodata.* .gnu.linkonce.r.*)
 .rodata        0x000000000000d06c       0x1d output/release/obj/main.o
 *fill*         0x000000000000d089        0x3 
 .rodata.libc.__RAL_hex_lc
                0x000000000000d08c       0x10 C:/Program Files/SEGGER/SEGGER Embedded Studio for ARM 4.10a/lib/libc_v7em_fpv4_sp_d16_hard_t_le_eabi.a(libc2.o)
                0x000000000000d08c                __RAL_hex_lc
 .rodata.libc.__RAL_hex_uc
                0x000000000000d09c       0x10 C:/Program Files/SEGGER/SEGGER Embedded Studio for ARM 4.10a/lib/libc_v7em_fpv4_sp_d16_hard_t_le_eabi.a(libc2.o)
                0x000000000000d09c                __RAL_hex_uc
                0x000000000000d0ac                __rodata_end__ = (__rodata_start__ + SIZEOF (.rodata))
                0x0000000000000040                __rodata_size__ = SIZEOF (.rodata)
                0x000000000000d0ac                __rodata_load_end__ = __rodata_end__

.rel.dyn        0x000000000000c000        0x0
 .rel.iplt      0x000000000000c000        0x0 output/release/obj/thumb_crt0.o
                0x0000000000000001                . = ASSERT (((__rodata_start__ == __rodata_end__) || ((__rodata_end__ >= __FLASH_segment_start__) && (__rodata_end__ <= __FLASH_segment_end__))), error: .rodata is too large to fit in FLASH memory segment)
                0x000000000000d0ac                __ARM.exidx_load_start__ = ALIGN (__rodata_end__, 0x4)

.ARM.exidx      0x000000000000d0ac        0x0
                0x000000000000d0ac                __ARM.exidx_start__ = .
                0x000000000000d0ac                __exidx_start = __ARM.exidx_start__
 *(.ARM.exidx .ARM.exidx.*)
                0x000000000000d0ac                __ARM.exidx_end__ = (__ARM.exidx_start__ + SIZEOF (.ARM.exidx))
                0x0000000000000000                __ARM.exidx_size__ = SIZEOF (.ARM.exidx)
                0x000000000000d0ac                __exidx_end = __ARM.exidx_end__
                0x000000000000d0ac                __ARM.exidx_load_end__ = __ARM.exidx_end__
                0x0000000000000001                . = ASSERT (((__ARM.exidx_start__ == __ARM.exidx_end__) || ((__ARM.exidx_end__ >= __FLASH_segment_start__) && (__ARM.exidx_end__ <= __FLASH_segment_end__))), error: .ARM.exidx is too large to fit in FLASH memory segment)
                0x000000000000d0ac                __fast_load_start__ = ALIGN (__ARM.exidx_end__, 0x4)

.fast           0x0000000010000000        0x0 load address 0x000000000000d0ac
                0x0000000010000000                __fast_start__ = .
 *(.fast .fast.*)
                0x0000000010000000                __fast_end__ = (__fast_start__ + SIZEOF (.fast))
                0x0000000000000000                __fast_size__ = SIZEOF (.fast)
                0x000000000000d0ac                __fast_load_end__ = (__fast_load_start__ + SIZEOF (.fast))
                0x0000000000000001                . = ASSERT (((__fast_load_start__ == __fast_load_end__) || ((__fast_load_end__ >= __FLASH_segment_start__) && (__fast_load_end__ <= __FLASH_segment_end__))), error: .fast is too large to fit in FLASH memory segment)

.fast_run       0x0000000010000000        0x0
                0x0000000010000000                __fast_run_start__ = .
                0x0000000010000000                . = MAX ((__fast_run_start__ + SIZEOF (.fast)), .)
                0x0000000010000000                __fast_run_end__ = (__fast_run_start__ + SIZEOF (.fast_run))
                0x0000000000000000                __fast_run_size__ = SIZEOF (.fast_run)
                0x0000000010000000                __fast_run_load_end__ = __fast_run_end__
                0x0000000000000001                . = ASSERT (((__fast_run_start__ == __fast_run_end__) || ((__fast_run_end__ >= __SRAM_segment_start__) && (__fast_run_end__ <= __SRAM_segment_end__))), error: .fast_run is too large to fit in SRAM memory segment)
                0x000000000000d0ac                __data_load_start__ = ALIGN ((__fast_load_start__ + SIZEOF (.fast)), 0x4)

.data           0x0000000010000000        0x4 load address 0x000000000000d0ac
                0x0000000010000000                __data_start__ = .
 *(.data .data.* .gnu.linkonce.d.*)
 .data.SystemCoreClock
                0x0000000010000000        0x4 output/release/obj/system_apollo3.o
                0x0000000010000000                SystemCoreClock
                0x0000000010000004                __data_end__ = (__data_start__ + SIZEOF (.data))
                0x0000000000000004                __data_size__ = SIZEOF (.data)
                0x000000000000d0b0                __data_load_end__ = (__data_load_start__ + SIZEOF (.data))

.igot.plt       0x0000000100000000        0x0
 .igot.plt      0x0000000100000000        0x0 output/release/obj/thumb_crt0.o
                0x0000000000000001                . = ASSERT (((__data_load_start__ == __data_load_end__) || ((__data_load_end__ >= __FLASH_segment_start__) && (__data_load_end__ <= __FLASH_segment_end__))), error: .data is too large to fit in FLASH memory segment)

.data_run       0x0000000010000000        0x4 load address 0x000000000000d0ac
                0x0000000010000000                __data_run_start__ = .
                0x0000000010000004                . = MAX ((__data_run_start__ + SIZEOF (.data)), .)
 *fill*         0x0000000010000000        0x4 
                0x0000000010000004                __data_run_end__ = (__data_run_start__ + SIZEOF (.data_run))
                0x0000000000000004                __data_run_size__ = SIZEOF (.data_run)
                0x0000000010000004                __data_run_load_end__ = __data_run_end__
                0x0000000000000001                . = ASSERT (((__data_run_start__ == __data_run_end__) || ((__data_run_end__ >= __SRAM_segment_start__) && (__data_run_end__ <= __SRAM_segment_end__))), error: .data_run is too large to fit in SRAM memory segment)
                0x0000000010000004                __bss_load_start__ = ALIGN (__data_run_end__, 0x4)

.bss            0x0000000010000004       0x10
                0x0000000010000004                __bss_start__ = .
 *(.bss .bss.* .gnu.linkonce.b.*)
 .bss.u32Counter
                0x0000000010000004        0x4 output/release/obj/main.o
 .bss.libc.__user_format_extender
                0x0000000010000008        0x4 C:/Program Files/SEGGER/SEGGER Embedded Studio for ARM 4.10a/lib/libc_v7em_fpv4_sp_d16_hard_t_le_eabi.a(libc2.o)
                0x0000000010000008                __user_format_extender
 .bss.libdebugio.dbgCntrlWord_mempoll
                0x000000001000000c        0x4 C:/Program Files/SEGGER/SEGGER Embedded Studio for ARM 4.10a/lib/libdebugio_mempoll_v7em_fpv4_sp_d16_hard_t_le_eabi.a(mempoll_debug_operations.o)
                0x000000001000000c                dbgCntrlWord_mempoll
 .bss.libdebugio.dbgCommWord
                0x0000000010000010        0x4 C:/Program Files/SEGGER/SEGGER Embedded Studio for ARM 4.10a/lib/libdebugio_mempoll_v7em_fpv4_sp_d16_hard_t_le_eabi.a(mempoll_debug_operations.o)
                0x0000000010000010                dbgCommWord
 *(COMMON)
                0x0000000010000014                __bss_end__ = (__bss_start__ + SIZEOF (.bss))
                0x0000000000000010                __bss_size__ = SIZEOF (.bss)
                0x0000000010000014                __bss_load_end__ = __bss_end__
                0x0000000000000001                . = ASSERT (((__bss_start__ == __bss_end__) || ((__bss_end__ >= __SRAM_segment_start__) && (__bss_end__ <= __SRAM_segment_end__))), error: .bss is too large to fit in SRAM memory segment)
                0x0000000010000014                __tbss_load_start__ = ALIGN (__bss_end__, 0x4)

.tbss           0x0000000010000014        0x0
                0x0000000010000014                __tbss_start__ = .
 *(.tbss .tbss.*)
                0x0000000010000014                __tbss_end__ = (__tbss_start__ + SIZEOF (.tbss))
                0x0000000000000000                __tbss_size__ = SIZEOF (.tbss)
                0x0000000010000014                __tbss_load_end__ = __tbss_end__
                0x0000000000000001                . = ASSERT (((__tbss_start__ == __tbss_end__) || ((__tbss_end__ >= __SRAM_segment_start__) && (__tbss_end__ <= __SRAM_segment_end__))), error: .tbss is too large to fit in SRAM memory segment)
                0x000000000000d0b0                __tdata_load_start__ = ALIGN ((__data_load_start__ + SIZEOF (.data)), 0x4)

.tdata          0x0000000010000014        0x0 load address 0x000000000000d0b0
                0x0000000010000014                __tdata_start__ = .
 *(.tdata .tdata.*)
                0x0000000010000014                __tdata_end__ = (__tdata_start__ + SIZEOF (.tdata))
                0x0000000000000000                __tdata_size__ = SIZEOF (.tdata)
                0x000000000000d0b0                __tdata_load_end__ = (__tdata_load_start__ + SIZEOF (.tdata))
                0x000000000000d0b0                __FLASH_segment_used_end__ = (ALIGN ((__data_load_start__ + SIZEOF (.data)), 0x4) + SIZEOF (.tdata))
                0x00000000000010b0                __FLASH_segment_used_size__ = (__FLASH_segment_used_end__ - __FLASH_segment_start__)
                0x0000000000000001                . = ASSERT (((__tdata_load_start__ == __tdata_load_end__) || ((__tdata_load_end__ >= __FLASH_segment_start__) && (__tdata_load_end__ <= __FLASH_segment_end__))), error: .tdata is too large to fit in FLASH memory segment)

.tdata_run      0x0000000010000014        0x0
                0x0000000010000014                __tdata_run_start__ = .
                0x0000000010000014                . = MAX ((__tdata_run_start__ + SIZEOF (.tdata)), .)
                0x0000000010000014                __tdata_run_end__ = (__tdata_run_start__ + SIZEOF (.tdata_run))
                0x0000000000000000                __tdata_run_size__ = SIZEOF (.tdata_run)
                0x0000000010000014                __tdata_run_load_end__ = __tdata_run_end__
                0x0000000000000001                . = ASSERT (((__tdata_run_start__ == __tdata_run_end__) || ((__tdata_run_end__ >= __SRAM_segment_start__) && (__tdata_run_end__ <= __SRAM_segment_end__))), error: .tdata_run is too large to fit in SRAM memory segment)
                0x0000000010000014                __non_init_load_start__ = ALIGN (__tdata_run_end__, 0x4)

.non_init       0x0000000010000014        0x0
                0x0000000010000014                __non_init_start__ = .
 *(.non_init .non_init.*)
                0x0000000010000014                __non_init_end__ = (__non_init_start__ + SIZEOF (.non_init))
                0x0000000000000000                __non_init_size__ = SIZEOF (.non_init)
                0x0000000010000014                __non_init_load_end__ = __non_init_end__
                0x0000000000000001                . = ASSERT (((__non_init_start__ == __non_init_end__) || ((__non_init_end__ >= __SRAM_segment_start__) && (__non_init_end__ <= __SRAM_segment_end__))), error: .non_init is too large to fit in SRAM memory segment)
                0x0000000010000014                __heap_load_start__ = ALIGN (__non_init_end__, 0x4)

.heap           0x0000000010000014      0x400
                0x0000000010000014                __heap_start__ = .
 *(.heap .heap.*)
                0x0000000010000414                . = ALIGN (MAX ((__heap_start__ + __HEAPSIZE__), .), 0x4)
 *fill*         0x0000000010000014      0x400 
                0x0000000010000414                __heap_end__ = (__heap_start__ + SIZEOF (.heap))
                0x0000000000000400                __heap_size__ = SIZEOF (.heap)
                0x0000000010000414                __heap_load_end__ = __heap_end__
                0x0000000000000001                . = ASSERT (((__heap_start__ == __heap_end__) || ((__heap_end__ >= __SRAM_segment_start__) && (__heap_end__ <= __SRAM_segment_end__))), error: .heap is too large to fit in SRAM memory segment)
                0x000000001005f7f0                __stack_load_start__ = (__SRAM_segment_end__ - 0x800)

.stack          0x000000001005f7f0      0x400
                0x000000001005f7f0                __stack_start__ = .
 *(.stack .stack.*)
                0x000000001005fbf0                . = ALIGN (MAX ((__stack_start__ + __STACKSIZE__), .), 0x8)
 *fill*         0x000000001005f7f0      0x400 
                0x000000001005fbf0                __stack_end__ = (__stack_start__ + SIZEOF (.stack))
                0x0000000000000400                __stack_size__ = SIZEOF (.stack)
                0x000000001005fbf0                __stack_load_end__ = __stack_end__
                0x0000000000000001                . = ASSERT (((__stack_start__ == __stack_end__) || ((__stack_end__ >= __SRAM_segment_start__) && (__stack_end__ <= __SRAM_segment_end__))), error: .stack is too large to fit in SRAM memory segment)
                0x0000000000000001                . = ASSERT ((__heap_end__ <= __stack_start__), error: section .heap overlaps absolute placed section .stack)
                0x000000001005fbf0                __stack_process_load_start__ = ALIGN (__stack_end__, 0x8)

.stack_process  0x000000001005fbf0      0x400
                0x000000001005fbf0                __stack_process_start__ = .
 *(.stack_process .stack_process.*)
                0x000000001005fff0                . = ALIGN (MAX ((__stack_process_start__ + __STACKSIZE_PROCESS__), .), 0x8)
 *fill*         0x000000001005fbf0      0x400 
                0x000000001005fff0                __stack_process_end__ = (__stack_process_start__ + SIZEOF (.stack_process))
                0x0000000000000400                __stack_process_size__ = SIZEOF (.stack_process)
                0x000000001005fff0                __stack_process_load_end__ = __stack_process_end__
                0x000000001005fff0                __SRAM_segment_used_end__ = (ALIGN (__stack_end__, 0x8) + SIZEOF (.stack_process))
                0x000000000005fff0                __SRAM_segment_used_size__ = (__SRAM_segment_used_end__ - __SRAM_segment_start__)
                0x0000000000000001                . = ASSERT (((__stack_process_start__ == __stack_process_end__) || ((__stack_process_end__ >= __SRAM_segment_start__) && (__stack_process_end__ <= __SRAM_segment_end__))), error: .stack_process is too large to fit in SRAM memory segment)
START GROUP
LOAD output/release/obj/thumb_crt0.o
LOAD output/release/obj/system_apollo3.o
LOAD output/release/obj/main.o
LOAD output/release/obj/startup_apollo3.o
LOAD C:/Program Files/SEGGER/SEGGER Embedded Studio for ARM 4.10a/lib/libdebugio_mempoll_v7em_fpv4_sp_d16_hard_t_le_eabi.a
LOAD C:/Program Files/SEGGER/SEGGER Embedded Studio for ARM 4.10a/lib/libm_v7em_fpv4_sp_d16_hard_t_le_eabi.a
LOAD C:/Program Files/SEGGER/SEGGER Embedded Studio for ARM 4.10a/lib/libc_v7em_fpv4_sp_d16_hard_t_le_eabi.a
LOAD C:/Program Files/SEGGER/SEGGER Embedded Studio for ARM 4.10a/lib/libcpp_v7em_fpv4_sp_d16_hard_t_le_eabi.a
LOAD C:/Program Files/SEGGER/SEGGER Embedded Studio for ARM 4.10a/lib/libdebugio_v7em_fpv4_sp_d16_hard_t_le_eabi.a
LOAD C:/Program Files/SEGGER/SEGGER Embedded Studio for ARM 4.10a/lib/libvfprintf_v7em_fpv4_sp_d16_hard_t_le_eabi.o
LOAD C:/Program Files/SEGGER/SEGGER Embedded Studio for ARM 4.10a/lib/libvfscanf_v7em_fpv4_sp_d16_hard_t_le_eabi.o
END GROUP
OUTPUT(output/release/exe/apollo3-iom_i2c_direct_cmd.elf elf32-littlearm)

.ARM.attributes
                0x0000000000000000       0x35
 .ARM.attributes
                0x0000000000000000       0x25 output/release/obj/thumb_crt0.o
 .ARM.attributes
                0x0000000000000025       0x39 output/release/obj/system_apollo3.o
 .ARM.attributes
                0x000000000000005e       0x39 output/release/obj/main.o
 .ARM.attributes
                0x0000000000000097       0x25 output/release/obj/startup_apollo3.o
 .ARM.attributes
                0x00000000000000bc       0x34 C:/Program Files/SEGGER/SEGGER Embedded Studio for ARM 4.10a/lib/libc_v7em_fpv4_sp_d16_hard_t_le_eabi.a(libc2.o)
 .ARM.attributes
                0x00000000000000f0       0x34 C:/Program Files/SEGGER/SEGGER Embedded Studio for ARM 4.10a/lib/libc_v7em_fpv4_sp_d16_hard_t_le_eabi.a(libc.o)
 .ARM.attributes
                0x0000000000000124       0x34 C:/Program Files/SEGGER/SEGGER Embedded Studio for ARM 4.10a/lib/libdebugio_v7em_fpv4_sp_d16_hard_t_le_eabi.a(libdebugio.o)
 .ARM.attributes
                0x0000000000000158       0x34 C:/Program Files/SEGGER/SEGGER Embedded Studio for ARM 4.10a/lib/libvfprintf_v7em_fpv4_sp_d16_hard_t_le_eabi.o
 .ARM.attributes
                0x000000000000018c       0x34 C:/Program Files/SEGGER/SEGGER Embedded Studio for ARM 4.10a/lib/libdebugio_mempoll_v7em_fpv4_sp_d16_hard_t_le_eabi.a(mempoll_debug_operations.o)

.comment        0x0000000000000000       0x4c
 .comment       0x0000000000000000       0x4c output/release/obj/system_apollo3.o
                                         0x4d (size before relaxing)
 .comment       0x000000000000004c       0x4d output/release/obj/main.o
 .comment       0x000000000000004c       0x4d C:/Program Files/SEGGER/SEGGER Embedded Studio for ARM 4.10a/lib/libc_v7em_fpv4_sp_d16_hard_t_le_eabi.a(libc2.o)
 .comment       0x000000000000004c       0x4d C:/Program Files/SEGGER/SEGGER Embedded Studio for ARM 4.10a/lib/libc_v7em_fpv4_sp_d16_hard_t_le_eabi.a(libc.o)
 .comment       0x000000000000004c       0x4d C:/Program Files/SEGGER/SEGGER Embedded Studio for ARM 4.10a/lib/libdebugio_v7em_fpv4_sp_d16_hard_t_le_eabi.a(libdebugio.o)
 .comment       0x000000000000004c       0x4d C:/Program Files/SEGGER/SEGGER Embedded Studio for ARM 4.10a/lib/libvfprintf_v7em_fpv4_sp_d16_hard_t_le_eabi.o
 .comment       0x000000000000004c       0x4d C:/Program Files/SEGGER/SEGGER Embedded Studio for ARM 4.10a/lib/libdebugio_mempoll_v7em_fpv4_sp_d16_hard_t_le_eabi.a(mempoll_debug_operations.o)

.debug_line     0x0000000000000000      0x8f7
 .debug_line    0x0000000000000000      0x1ea output/release/obj/thumb_crt0.o
 .debug_line    0x00000000000001ea      0x191 output/release/obj/system_apollo3.o
 .debug_line    0x000000000000037b      0x497 output/release/obj/main.o
 .debug_line    0x0000000000000812       0xe5 output/release/obj/startup_apollo3.o

.debug_info     0x0000000000000000     0x6de1
 .debug_info    0x0000000000000000       0x22 output/release/obj/thumb_crt0.o
 .debug_info    0x0000000000000022      0x755 output/release/obj/system_apollo3.o
 .debug_info    0x0000000000000777     0x6644 output/release/obj/main.o
 .debug_info    0x0000000000006dbb       0x26 output/release/obj/startup_apollo3.o

.debug_abbrev   0x0000000000000000      0x4a8
 .debug_abbrev  0x0000000000000000       0x12 output/release/obj/thumb_crt0.o
 .debug_abbrev  0x0000000000000012      0x12d output/release/obj/system_apollo3.o
 .debug_abbrev  0x000000000000013f      0x355 output/release/obj/main.o
 .debug_abbrev  0x0000000000000494       0x14 output/release/obj/startup_apollo3.o

.debug_aranges  0x0000000000000000      0x150
 .debug_aranges
                0x0000000000000000       0x80 output/release/obj/thumb_crt0.o
 .debug_aranges
                0x0000000000000080       0x28 output/release/obj/system_apollo3.o
 .debug_aranges
                0x00000000000000a8       0x88 output/release/obj/main.o
 .debug_aranges
                0x0000000000000130       0x20 output/release/obj/startup_apollo3.o

.debug_str      0x0000000000000000     0x35f1
 .debug_str     0x0000000000000000       0xc3 output/release/obj/thumb_crt0.o
 .debug_str     0x00000000000000c3      0x49e output/release/obj/system_apollo3.o
                                        0x546 (size before relaxing)
 .debug_str     0x0000000000000561     0x301a output/release/obj/main.o
                                       0x3408 (size before relaxing)
 .debug_str     0x000000000000357b       0x76 output/release/obj/startup_apollo3.o
                                         0xe8 (size before relaxing)

.debug_ranges   0x0000000000000000      0x108
 .debug_ranges  0x0000000000000000       0x78 output/release/obj/thumb_crt0.o
 .debug_ranges  0x0000000000000078       0x18 output/release/obj/system_apollo3.o
 .debug_ranges  0x0000000000000090       0x78 output/release/obj/main.o

.debug_frame    0x0000000000000000      0x218
 .debug_frame   0x0000000000000000       0x30 output/release/obj/system_apollo3.o
 .debug_frame   0x0000000000000030      0x1e8 output/release/obj/main.o

.debug_pubnames
                0x0000000000000000      0x8c4
 .debug_pubnames
                0x0000000000000000       0x4f output/release/obj/system_apollo3.o
 .debug_pubnames
                0x000000000000004f      0x875 output/release/obj/main.o

.debug_pubtypes
                0x0000000000000000      0x31a
 .debug_pubtypes
                0x0000000000000000       0xc8 output/release/obj/system_apollo3.o
 .debug_pubtypes
                0x00000000000000c8      0x252 output/release/obj/main.o
