###############################################################################
#
# IAR ELF Linker V7.40.1.8447/W32 for ARM                 03/Apr/2019  08:18:42
# Copyright 2007-2015 IAR Systems AB.
#
#    Output file  =  
#        C:\Users\mschre\Documents\Projects\Apollo3\sw_examples\ama3bevb_uart_example_v10_cpy\example\iar\output\release\exe\ama3bevb_uart_example.out
#    Map file     =  
#        C:\Users\mschre\Documents\Projects\Apollo3\sw_examples\ama3bevb_uart_example_v10_cpy\example\iar\output\release\list\ama3bevb_uart_example.map
#    Command line =  
#        C:\Users\mschre\Documents\Projects\Apollo3\sw_examples\ama3bevb_uart_example_v10_cpy\example\iar\output\release\obj\main.o
#        C:\Users\mschre\Documents\Projects\Apollo3\sw_examples\ama3bevb_uart_example_v10_cpy\example\iar\output\release\obj\startup_apollo3.o
#        C:\Users\mschre\Documents\Projects\Apollo3\sw_examples\ama3bevb_uart_example_v10_cpy\example\iar\output\release\obj\system_apollo3.o
#        -o
#        C:\Users\mschre\Documents\Projects\Apollo3\sw_examples\ama3bevb_uart_example_v10_cpy\example\iar\output\release\exe\ama3bevb_uart_example.out
#        --map
#        C:\Users\mschre\Documents\Projects\Apollo3\sw_examples\ama3bevb_uart_example_v10_cpy\example\iar\output\release\list\ama3bevb_uart_example.map
#        --config
#        C:\Users\mschre\Documents\Projects\Apollo3\sw_examples\ama3bevb_uart_example_v10_cpy\example\iar\config\ama3b1kk-kcr_rom.icf
#        --semihosting --entry __iar_program_start --vfe
#
###############################################################################

*******************************************************************************
*** RUNTIME MODEL ATTRIBUTES
***

CppFlavor       = *
__SystemLibrary = DLib


*******************************************************************************
*** PLACEMENT SUMMARY
***

"A1":  place at 0x0000c000 { ro section .intvec };
"P1":  place in [from 0x0000c000 to 0x000fffff] { ro };
"P2":  place in [from 0x10000000 to 0x1005ffef] { rw, block CSTACK, block HEAP };

  Section            Kind        Address   Size  Object
  -------            ----        -------   ----  ------
"A1":                                      0xc0
  .intvec            ro code  0x0000c000   0xc0  startup_apollo3.o [1]
                            - 0x0000c0c0   0xc0

"P1":                                     0x3f8
  .text              ro code  0x0000c0c0  0x1dc  main.o [1]
  .text              ro code  0x0000c29c   0x48  system_apollo3.o [1]
  .text              ro code  0x0000c2e4   0x2c  copy_init3.o [5]
  .text              ro code  0x0000c310   0x28  data_init.o [5]
  .text              ro code  0x0000c338   0x22  fpinit_M.o [4]
  .iar.init_table    const    0x0000c35c   0x14  - Linker created -
  .rodata            const    0x0000c370   0x20  main.o [1]
  .text              ro code  0x0000c390   0x20  startup_apollo3.o [1]
  .text              ro code  0x0000c3b0   0x1a  cmain.o [5]
  .text              ro code  0x0000c3ca    0x4  low_level_init.o [3]
  .text              ro code  0x0000c3ce    0x4  exit.o [3]
  .text              ro code  0x0000c3d4    0xa  cexit.o [5]
  .text              ro code  0x0000c3e0   0x14  exit.o [6]
  .rodata            const    0x0000c3f4   0x10  main.o [1]
  .text              ro code  0x0000c404    0xc  cstartup_M.o [5]
  .text              ro code  0x0000c410    0x4  startup_apollo3.o [1]
  .text              ro code  0x0000c414    0x4  startup_apollo3.o [1]
  .text              ro code  0x0000c418    0x4  startup_apollo3.o [1]
  .text              ro code  0x0000c41c    0x4  startup_apollo3.o [1]
  .text              ro code  0x0000c420    0x4  startup_apollo3.o [1]
  .text              ro code  0x0000c424    0x4  startup_apollo3.o [1]
  .text              ro code  0x0000c428    0x4  startup_apollo3.o [1]
  .text              ro code  0x0000c42c    0x4  startup_apollo3.o [1]
  .text              ro code  0x0000c430    0x4  startup_apollo3.o [1]
  .text              ro code  0x0000c434    0x4  startup_apollo3.o [1]
  .text              ro code  0x0000c438    0x4  startup_apollo3.o [1]
  .text              ro code  0x0000c43c    0x4  startup_apollo3.o [1]
  .text              ro code  0x0000c440    0x4  startup_apollo3.o [1]
  .text              ro code  0x0000c444    0x4  startup_apollo3.o [1]
  .text              ro code  0x0000c448    0x4  startup_apollo3.o [1]
  .text              ro code  0x0000c44c    0x4  startup_apollo3.o [1]
  .text              ro code  0x0000c450    0x4  startup_apollo3.o [1]
  .text              ro code  0x0000c454    0x4  startup_apollo3.o [1]
  .text              ro code  0x0000c458    0x4  startup_apollo3.o [1]
  .text              ro code  0x0000c45c    0x4  startup_apollo3.o [1]
  .text              ro code  0x0000c460    0x4  startup_apollo3.o [1]
  .text              ro code  0x0000c464    0x4  startup_apollo3.o [1]
  .text              ro code  0x0000c468    0x4  startup_apollo3.o [1]
  .text              ro code  0x0000c46c    0x4  startup_apollo3.o [1]
  .text              ro code  0x0000c470    0x4  startup_apollo3.o [1]
  .text              ro code  0x0000c474    0x4  startup_apollo3.o [1]
  .text              ro code  0x0000c478    0x4  startup_apollo3.o [1]
  .text              ro code  0x0000c47c    0x4  startup_apollo3.o [1]
  .text              ro code  0x0000c480    0x4  startup_apollo3.o [1]
  .text              ro code  0x0000c484    0x4  startup_apollo3.o [1]
  .text              ro code  0x0000c488    0x4  startup_apollo3.o [1]
  .text              ro code  0x0000c48c    0x4  startup_apollo3.o [1]
  .text              ro code  0x0000c490    0x4  startup_apollo3.o [1]
  .text              ro code  0x0000c494    0x4  startup_apollo3.o [1]
  .text              ro code  0x0000c498    0x4  startup_apollo3.o [1]
  .text              ro code  0x0000c49c    0x4  startup_apollo3.o [1]
  .text              ro code  0x0000c4a0    0x4  startup_apollo3.o [1]
  .text              ro code  0x0000c4a4    0x4  startup_apollo3.o [1]
  .text              ro code  0x0000c4a8    0x4  startup_apollo3.o [1]
  .text              ro code  0x0000c4ac    0x4  startup_apollo3.o [1]
  .text              ro code  0x0000c4b0    0x4  startup_apollo3.o [1]
  .rodata            const    0x0000c4b4    0x0  copy_init3.o [5]
  Initializer bytes  const    0x0000c4b4    0x4  <for P2 s0>
                            - 0x0000c4b8  0x3f8

"P2":                                     0x408
  P2 s0                       0x10000000    0x4  <Init block>
    .data            inited   0x10000000    0x4  system_apollo3.o [1]
  CSTACK                      0x10000008  0x400  <Block>
    CSTACK           uninit   0x10000008  0x400  <Block tail>
                            - 0x10000408  0x408


*******************************************************************************
*** INIT TABLE
***

          Address     Size
          -------     ----
Copy (__iar_copy_init3)
    1 source range, total size 0x4:
          0x0000c4b4   0x4
    1 destination range, total size 0x4:
          0x10000000   0x4



*******************************************************************************
*** MODULE SUMMARY
***

    Module             ro code  ro data  rw data
    ------             -------  -------  -------
C:\Users\mschre\Documents\Projects\Apollo3\sw_examples\ama3bevb_uart_example_v10_cpy\example\iar\output\release\obj: [1]
    main.o                 476       48
    startup_apollo3.o      388
    system_apollo3.o        72        4        4
    --------------------------------------------
    Total:                 936       52        4

command line: [2]
    --------------------------------------------
    Total:

dl7M_tln.a: [3]
    exit.o                   4
    low_level_init.o         4
    --------------------------------------------
    Total:                   8

m7M_tls.a: [4]
    fpinit_M.o              34
    --------------------------------------------
    Total:                  34

rt7M_tl.a: [5]
    cexit.o                 10
    cmain.o                 26
    copy_init3.o            44
    cstartup_M.o            12
    data_init.o             40
    --------------------------------------------
    Total:                 132

shb_l.a: [6]
    exit.o                  20
    --------------------------------------------
    Total:                  20

    Gaps                     4        2
    Linker created                   20    1 024
------------------------------------------------
    Grand Total:         1 134       74    1 028


*******************************************************************************
*** ENTRY LIST
***

Entry                      Address  Size  Type      Object
-----                      -------  ----  ----      ------
.iar.init_table$$Base   0x0000c35c         --   Gb  - Linker created -
.iar.init_table$$Limit  0x0000c370         --   Gb  - Linker created -
?main                   0x0000c3b1        Code  Gb  cmain.o [5]
CSTACK$$Base            0x10000008         --   Gb  - Linker created -
CSTACK$$Limit           0x10000408         --   Gb  - Linker created -
ConfigureBaudrate       0x0000c155  0x46  Code  Gb  main.o [1]
GetCharUart             0x0000c1c9  0x18  Code  Gb  main.o [1]
PutCharUart             0x0000c19b  0x14  Code  Gb  main.o [1]
PutStringUart           0x0000c1af  0x1a  Code  Gb  main.o [1]
Region$$Table$$Base     0x0000c35c         --   Gb  - Linker created -
Region$$Table$$Limit    0x0000c370         --   Gb  - Linker created -
SystemCoreClock         0x10000000   0x4  Data  Gb  system_apollo3.o [1]
SystemCoreClockUpdate   0x0000c29d  0x16  Code  Gb  system_apollo3.o [1]
SystemInit              0x0000c2b3  0x20  Code  Gb  system_apollo3.o [1]
UartInit                0x0000c0c1  0x94  Code  Gb  main.o [1]
__cmain                 0x0000c3b1        Code  Gb  cmain.o [5]
__exit                  0x0000c3e1  0x14  Code  Gb  exit.o [6]
__iar_copy_init3        0x0000c2e5  0x2c  Code  Gb  copy_init3.o [5]
__iar_data_init3        0x0000c311  0x28  Code  Gb  data_init.o [5]
__iar_init_vfp          0x0000c339        Code  Gb  fpinit_M.o [4]
__iar_program_start     0x0000c405        Code  Gb  cstartup_M.o [5]
__low_level_init        0x0000c3cb   0x4  Code  Gb  low_level_init.o [3]
__vector_table          0x0000c000        Data  Gb  startup_apollo3.o [1]
_call_main              0x0000c3bd        Code  Gb  cmain.o [5]
_exit                   0x0000c3d5        Code  Gb  cexit.o [5]
_main                   0x0000c3c7        Code  Gb  cmain.o [5]
exit                    0x0000c3cf   0x4  Code  Gb  exit.o [3]
main                    0x0000c1e1  0x94  Code  Gb  main.o [1]


[1] = C:\Users\mschre\Documents\Projects\Apollo3\sw_examples\ama3bevb_uart_example_v10_cpy\example\iar\output\release\obj
[2] = command line
[3] = dl7M_tln.a
[4] = m7M_tls.a
[5] = rt7M_tl.a
[6] = shb_l.a

  1 134 bytes of readonly  code memory
     74 bytes of readonly  data memory
  1 028 bytes of readwrite data memory

Errors: none
Warnings: none
