###############################################################################
#
# IAR ELF Linker V7.40.1.8447/W32 for ARM                 03/Apr/2019  07:57:49
# Copyright 2007-2015 IAR Systems AB.
#
#    Output file  =  
#        C:\Users\mschre\Documents\Projects\Apollo3\sw_examples\ama3bevb_gpio_example_v10\example\iar\output\release\exe\ama3bevb_gpio_example.out
#    Map file     =  
#        C:\Users\mschre\Documents\Projects\Apollo3\sw_examples\ama3bevb_gpio_example_v10\example\iar\output\release\list\ama3bevb_gpio_example.map
#    Command line =  
#        C:\Users\mschre\Documents\Projects\Apollo3\sw_examples\ama3bevb_gpio_example_v10\example\iar\output\release\obj\main.o
#        C:\Users\mschre\Documents\Projects\Apollo3\sw_examples\ama3bevb_gpio_example_v10\example\iar\output\release\obj\startup_apollo3.o
#        C:\Users\mschre\Documents\Projects\Apollo3\sw_examples\ama3bevb_gpio_example_v10\example\iar\output\release\obj\system_apollo3.o
#        -o
#        C:\Users\mschre\Documents\Projects\Apollo3\sw_examples\ama3bevb_gpio_example_v10\example\iar\output\release\exe\ama3bevb_gpio_example.out
#        --map
#        C:\Users\mschre\Documents\Projects\Apollo3\sw_examples\ama3bevb_gpio_example_v10\example\iar\output\release\list\ama3bevb_gpio_example.map
#        --config
#        C:\Users\mschre\Documents\Projects\Apollo3\sw_examples\ama3bevb_gpio_example_v10\example\iar\config\ama3b1kk-kcr_rom.icf
#        --semihosting --entry __iar_program_start --vfe
#
###############################################################################

*******************************************************************************
*** RUNTIME MODEL ATTRIBUTES
***

CppFlavor       = *
__SystemLibrary = DLib


*******************************************************************************
*** PLACEMENT SUMMARY
***

"A1":  place at 0x0000c000 { ro section .intvec };
"P1":  place in [from 0x0000c000 to 0x000fffff] { ro };
"P2":  place in [from 0x10000000 to 0x1005ffef] { rw, block CSTACK, block HEAP };

  Section            Kind        Address   Size  Object
  -------            ----        -------   ----  ------
"A1":                                      0xc0
  .intvec            ro code  0x0000c000   0xc0  startup_apollo3.o [1]
                            - 0x0000c0c0   0xc0

"P1":                                     0x384
  .text              ro code  0x0000c0c0  0x198  main.o [1]
  .text              ro code  0x0000c258   0x48  system_apollo3.o [1]
  .text              ro code  0x0000c2a0   0x2c  copy_init3.o [5]
  .text              ro code  0x0000c2cc   0x28  data_init.o [5]
  .text              ro code  0x0000c2f4   0x22  fpinit_M.o [4]
  .iar.init_table    const    0x0000c318   0x14  - Linker created -
  .text              ro code  0x0000c32c   0x20  startup_apollo3.o [1]
  .text              ro code  0x0000c34c   0x1a  cmain.o [5]
  .text              ro code  0x0000c366    0x4  low_level_init.o [3]
  .text              ro code  0x0000c36a    0x4  exit.o [3]
  .text              ro code  0x0000c370    0xa  cexit.o [5]
  .text              ro code  0x0000c37c   0x14  exit.o [6]
  .text              ro code  0x0000c390    0xc  cstartup_M.o [5]
  .text              ro code  0x0000c39c    0x4  startup_apollo3.o [1]
  .text              ro code  0x0000c3a0    0x4  startup_apollo3.o [1]
  .text              ro code  0x0000c3a4    0x4  startup_apollo3.o [1]
  .text              ro code  0x0000c3a8    0x4  startup_apollo3.o [1]
  .text              ro code  0x0000c3ac    0x4  startup_apollo3.o [1]
  .text              ro code  0x0000c3b0    0x4  startup_apollo3.o [1]
  .text              ro code  0x0000c3b4    0x4  startup_apollo3.o [1]
  .text              ro code  0x0000c3b8    0x4  startup_apollo3.o [1]
  .text              ro code  0x0000c3bc    0x4  startup_apollo3.o [1]
  .text              ro code  0x0000c3c0    0x4  startup_apollo3.o [1]
  .text              ro code  0x0000c3c4    0x4  startup_apollo3.o [1]
  .text              ro code  0x0000c3c8    0x4  startup_apollo3.o [1]
  .text              ro code  0x0000c3cc    0x4  startup_apollo3.o [1]
  .text              ro code  0x0000c3d0    0x4  startup_apollo3.o [1]
  .text              ro code  0x0000c3d4    0x4  startup_apollo3.o [1]
  .text              ro code  0x0000c3d8    0x4  startup_apollo3.o [1]
  .text              ro code  0x0000c3dc    0x4  startup_apollo3.o [1]
  .text              ro code  0x0000c3e0    0x4  startup_apollo3.o [1]
  .text              ro code  0x0000c3e4    0x4  startup_apollo3.o [1]
  .text              ro code  0x0000c3e8    0x4  startup_apollo3.o [1]
  .text              ro code  0x0000c3ec    0x4  startup_apollo3.o [1]
  .text              ro code  0x0000c3f0    0x4  startup_apollo3.o [1]
  .text              ro code  0x0000c3f4    0x4  startup_apollo3.o [1]
  .text              ro code  0x0000c3f8    0x4  startup_apollo3.o [1]
  .text              ro code  0x0000c3fc    0x4  startup_apollo3.o [1]
  .text              ro code  0x0000c400    0x4  startup_apollo3.o [1]
  .text              ro code  0x0000c404    0x4  startup_apollo3.o [1]
  .text              ro code  0x0000c408    0x4  startup_apollo3.o [1]
  .text              ro code  0x0000c40c    0x4  startup_apollo3.o [1]
  .text              ro code  0x0000c410    0x4  startup_apollo3.o [1]
  .text              ro code  0x0000c414    0x4  startup_apollo3.o [1]
  .text              ro code  0x0000c418    0x4  startup_apollo3.o [1]
  .text              ro code  0x0000c41c    0x4  startup_apollo3.o [1]
  .text              ro code  0x0000c420    0x4  startup_apollo3.o [1]
  .text              ro code  0x0000c424    0x4  startup_apollo3.o [1]
  .text              ro code  0x0000c428    0x4  startup_apollo3.o [1]
  .text              ro code  0x0000c42c    0x4  startup_apollo3.o [1]
  .text              ro code  0x0000c430    0x4  startup_apollo3.o [1]
  .text              ro code  0x0000c434    0x4  startup_apollo3.o [1]
  .text              ro code  0x0000c438    0x4  startup_apollo3.o [1]
  .rodata            const    0x0000c43c    0x0  copy_init3.o [5]
  Initializer bytes  const    0x0000c43c    0x8  <for P2 s0>
                            - 0x0000c444  0x384

"P2":                                     0x408
  P2 s0                       0x10000000    0x8  <Init block>
    .data            inited   0x10000000    0x4  system_apollo3.o [1]
    .bss             inited   0x10000004    0x4  main.o [1]
  CSTACK                      0x10000008  0x400  <Block>
    CSTACK           uninit   0x10000008  0x400  <Block tail>
                            - 0x10000408  0x408


*******************************************************************************
*** INIT TABLE
***

          Address     Size
          -------     ----
Copy (__iar_copy_init3)
    1 source range, total size 0x8:
          0x0000c43c   0x8
    1 destination range, total size 0x8:
          0x10000000   0x8



*******************************************************************************
*** MODULE SUMMARY
***

    Module             ro code  ro data  rw data
    ------             -------  -------  -------
C:\Users\mschre\Documents\Projects\Apollo3\sw_examples\ama3bevb_gpio_example_v10\example\iar\output\release\obj: [1]
    main.o                 408        4        4
    startup_apollo3.o      384
    system_apollo3.o        72        4        4
    --------------------------------------------
    Total:                 864        8        8

command line: [2]
    --------------------------------------------
    Total:

dl7M_tln.a: [3]
    exit.o                   4
    low_level_init.o         4
    --------------------------------------------
    Total:                   8

m7M_tls.a: [4]
    fpinit_M.o              34
    --------------------------------------------
    Total:                  34

rt7M_tl.a: [5]
    cexit.o                 10
    cmain.o                 26
    copy_init3.o            44
    cstartup_M.o            12
    data_init.o             40
    --------------------------------------------
    Total:                 132

shb_l.a: [6]
    exit.o                  20
    --------------------------------------------
    Total:                  20

    Gaps                     4        2
    Linker created                   20    1 024
------------------------------------------------
    Grand Total:         1 062       30    1 032


*******************************************************************************
*** ENTRY LIST
***

Entry                      Address  Size  Type      Object
-----                      -------  ----  ----      ------
.iar.init_table$$Base   0x0000c318         --   Gb  - Linker created -
.iar.init_table$$Limit  0x0000c32c         --   Gb  - Linker created -
?main                   0x0000c34d        Code  Gb  cmain.o [5]
CSTACK$$Base            0x10000008         --   Gb  - Linker created -
CSTACK$$Limit           0x10000408         --   Gb  - Linker created -
NVIC_SetPriority        0x0000c0c1  0x26  Code  Lc  main.o [1]
Region$$Table$$Base     0x0000c318         --   Gb  - Linker created -
Region$$Table$$Limit    0x0000c32c         --   Gb  - Linker created -
SysTick_Config          0x0000c0e7  0x30  Code  Lc  main.o [1]
SysTick_Handler         0x0000c117   0xc  Code  Gb  main.o [1]
SystemCoreClock         0x10000000   0x4  Data  Gb  system_apollo3.o [1]
SystemCoreClockUpdate   0x0000c259  0x16  Code  Gb  system_apollo3.o [1]
SystemInit              0x0000c26f  0x20  Code  Gb  system_apollo3.o [1]
__cmain                 0x0000c34d        Code  Gb  cmain.o [5]
__exit                  0x0000c37d  0x14  Code  Gb  exit.o [6]
__iar_copy_init3        0x0000c2a1  0x2c  Code  Gb  copy_init3.o [5]
__iar_data_init3        0x0000c2cd  0x28  Code  Gb  data_init.o [5]
__iar_init_vfp          0x0000c2f5        Code  Gb  fpinit_M.o [4]
__iar_program_start     0x0000c391        Code  Gb  cstartup_M.o [5]
__low_level_init        0x0000c367   0x4  Code  Gb  low_level_init.o [3]
__vector_table          0x0000c000        Data  Gb  startup_apollo3.o [1]
_call_main              0x0000c359        Code  Gb  cmain.o [5]
_exit                   0x0000c371        Code  Gb  cexit.o [5]
_main                   0x0000c363        Code  Gb  cmain.o [5]
exit                    0x0000c36b   0x4  Code  Gb  exit.o [3]
main                    0x0000c123  0xf8  Code  Gb  main.o [1]
u32Counter              0x10000004   0x4  Data  Lc  main.o [1]


[1] = C:\Users\mschre\Documents\Projects\Apollo3\sw_examples\ama3bevb_gpio_example_v10\example\iar\output\release\obj
[2] = command line
[3] = dl7M_tln.a
[4] = m7M_tls.a
[5] = rt7M_tl.a
[6] = shb_l.a

  1 062 bytes of readonly  code memory
     30 bytes of readonly  data memory
  1 032 bytes of readwrite data memory

Errors: none
Warnings: none
